../Drivers/API/src/API_lcd.c:17:7:Init_Lcd	16	static
../Drivers/API/src/API_lcd.c:33:13:DelayLcd	16	static
../Drivers/API/src/API_lcd.c:38:13:ControlLcd	16	static
../Drivers/API/src/API_lcd.c:42:6:DatoLcd	16	static
../Drivers/API/src/API_lcd.c:46:6:Send8bitsLcd	16	static
../Drivers/API/src/API_lcd.c:51:6:Send4bitsLcd	16	static
../Drivers/API/src/API_lcd.c:60:6:OutTextLcd	16	static
../Drivers/API/src/API_lcd.c:64:6:ClrLcd	8	static
../Drivers/API/src/API_lcd.c:71:6:PosCaracHLcd	16	static
../Drivers/API/src/API_lcd.c:75:6:PosCaracLLcd	16	static
../Drivers/API/src/API_lcd.c:79:6:CursorOffLcd	8	static
../Drivers/API/src/API_lcd.c:83:6:CursorOnLcd	8	static
