../Drivers/API/src/API_lcd.c:17:7:Init_Lcd	16	static
../Drivers/API/src/API_lcd.c:33:6:DelayLcd	16	static
../Drivers/API/src/API_lcd.c:38:6:ControlLcd	16	static
../Drivers/API/src/API_lcd.c:42:6:DatoLcd	16	static
../Drivers/API/src/API_lcd.c:46:6:DatoAsciiLcd	16	static
../Drivers/API/src/API_lcd.c:50:6:DatoBCD	16	static
../Drivers/API/src/API_lcd.c:57:6:Send8bitsLcd	16	static
../Drivers/API/src/API_lcd.c:62:6:Send4bitsLcd	16	static
../Drivers/API/src/API_lcd.c:71:6:OutTextLcd	16	static
../Drivers/API/src/API_lcd.c:75:6:ClrLcd	8	static
../Drivers/API/src/API_lcd.c:82:6:PosCaracHLcd	16	static
../Drivers/API/src/API_lcd.c:86:6:PosCaracLLcd	16	static
../Drivers/API/src/API_lcd.c:90:6:CursorOffLcd	8	static
../Drivers/API/src/API_lcd.c:94:6:CursorOnLcd	8	static
