../Drivers/API/src/API_lcd.c:35:7:Init_Lcd	16	static
../Drivers/API/src/API_lcd.c:63:13:DelayLcd	16	static
../Drivers/API/src/API_lcd.c:79:13:ControlLcd	16	static
../Drivers/API/src/API_lcd.c:95:6:DatoLcd	16	static
../Drivers/API/src/API_lcd.c:110:6:DatoAsciiLcd	16	static
../Drivers/API/src/API_lcd.c:126:6:DatoBCD	16	static
../Drivers/API/src/API_lcd.c:145:6:Send8bitsLcd	16	static
../Drivers/API/src/API_lcd.c:162:13:Send4bitsLcd	16	static
../Drivers/API/src/API_lcd.c:183:6:OutTextLcd	16	static
../Drivers/API/src/API_lcd.c:199:6:ClrLcd	8	static
../Drivers/API/src/API_lcd.c:218:6:PosCaracHLcd	16	static
../Drivers/API/src/API_lcd.c:234:6:PosCaracLLcd	16	static
../Drivers/API/src/API_lcd.c:250:6:CursorOffLcd	8	static
../Drivers/API/src/API_lcd.c:266:6:CursorOnLcd	8	static
