../Drivers/API/src/API_lcd.c:34:7:Init_Lcd	16	static
../Drivers/API/src/API_lcd.c:60:13:DelayLcd	16	static
../Drivers/API/src/API_lcd.c:74:13:ControlLcd	16	static
../Drivers/API/src/API_lcd.c:88:6:DatoLcd	16	static
../Drivers/API/src/API_lcd.c:101:6:DatoAsciiLcd	16	static
../Drivers/API/src/API_lcd.c:114:6:DatoBCD	16	static
../Drivers/API/src/API_lcd.c:131:6:Envia8bitsLcd	16	static
../Drivers/API/src/API_lcd.c:146:13:Envia4bitsLcd	16	static
../Drivers/API/src/API_lcd.c:164:6:SacaTextoLcd	16	static
../Drivers/API/src/API_lcd.c:177:6:ClrLcd	8	static
../Drivers/API/src/API_lcd.c:194:6:PosCaracHLcd	16	static
../Drivers/API/src/API_lcd.c:208:6:PosCaracLLcd	16	static
../Drivers/API/src/API_lcd.c:221:6:CursorOffLcd	8	static
../Drivers/API/src/API_lcd.c:234:6:CursorOnLcd	8	static
