../Drivers/API/src/API_reloj.c:67:13:PresentaTempLCD	24	static
../Drivers/API/src/API_reloj.c:100:13:PresentaFechaLCD	16	static
../Drivers/API/src/API_reloj.c:135:13:PresentaHoraLCD	16	static
../Drivers/API/src/API_reloj.c:157:6:RelojInit	16	static
../Drivers/API/src/API_reloj.c:181:6:Reloj_Read	16	static
../Drivers/API/src/API_reloj.c:199:6:Reloj_Write	16	static
../Drivers/API/src/API_reloj.c:216:6:RelojFSM_Update	16	static
../Drivers/API/src/API_reloj.c:260:13:PresentarTempe	24	static
../Drivers/API/src/API_reloj.c:296:13:PresentarHoraYFecha	24	static
../Drivers/API/src/API_reloj.c:330:13:ConfiguraDiaEsp	24	static
../Drivers/API/src/API_reloj.c:364:13:ConfiguraMesEng	24	static
../Drivers/API/src/API_reloj.c:397:13:ConfiguraDiaEng	24	static
../Drivers/API/src/API_reloj.c:438:13:ConfiguraMesEsp	24	static
../Drivers/API/src/API_reloj.c:498:13:ConfiguraAnio	24	static
../Drivers/API/src/API_reloj.c:537:13:ConfiguraHora	24	static
../Drivers/API/src/API_reloj.c:565:13:ConfiguraMin	24	static
../Drivers/API/src/API_reloj.c:592:13:ConfiguraSeg	24	static
../Drivers/API/src/API_reloj.c:624:13:Configuro_idioma_ini	8	static
../Drivers/API/src/API_reloj.c:648:13:Configuro_idioma	24	static
../Drivers/API/src/API_reloj.c:688:13:Decrementa	24	static
../Drivers/API/src/API_reloj.c:709:13:Incrementa	24	static
../Drivers/API/src/API_reloj.c:730:16:buscar_indice	24	static
../Drivers/API/src/API_reloj.c:751:13:calcula_dia_semana	32	static
../Drivers/API/src/API_reloj.c:776:16:BCD_a_Dec	16	static
