../Drivers/API/src/API_reloj.c:65:13:PresentaTempLCD	24	static
../Drivers/API/src/API_reloj.c:98:13:PresentaFechaLCD	16	static
../Drivers/API/src/API_reloj.c:133:13:PresentaHoraLCD	16	static
../Drivers/API/src/API_reloj.c:155:6:RelojInit	16	static
../Drivers/API/src/API_reloj.c:179:6:Reloj_Read	16	static
../Drivers/API/src/API_reloj.c:197:6:Reloj_Write	16	static
../Drivers/API/src/API_reloj.c:214:6:RelojFSM_Update	16	static
../Drivers/API/src/API_reloj.c:258:13:PresentarTempe	24	static
../Drivers/API/src/API_reloj.c:294:13:PresentarHoraYFecha	24	static
../Drivers/API/src/API_reloj.c:328:13:ConfiguraDiaEsp	24	static
../Drivers/API/src/API_reloj.c:362:13:ConfiguraMesEng	24	static
../Drivers/API/src/API_reloj.c:395:13:ConfiguraDiaEng	24	static
../Drivers/API/src/API_reloj.c:436:13:ConfiguraMesEsp	24	static
../Drivers/API/src/API_reloj.c:496:13:ConfiguraAnio	24	static
../Drivers/API/src/API_reloj.c:535:13:ConfiguraHora	24	static
../Drivers/API/src/API_reloj.c:563:13:ConfiguraMin	24	static
../Drivers/API/src/API_reloj.c:590:13:ConfiguraSeg	24	static
../Drivers/API/src/API_reloj.c:622:13:Configuro_idioma_ini	8	static
../Drivers/API/src/API_reloj.c:646:13:Configuro_idioma	24	static
../Drivers/API/src/API_reloj.c:686:13:Decrementa	24	static
../Drivers/API/src/API_reloj.c:707:13:Incrementa	24	static
../Drivers/API/src/API_reloj.c:728:16:buscar_indice	24	static
../Drivers/API/src/API_reloj.c:749:13:calcula_dia_semana	32	static
