../Drivers/API/src/API_reloj.c:70:13:PresentaTempLCD	24	static
../Drivers/API/src/API_reloj.c:105:13:PresentaFechaLCD	16	static
../Drivers/API/src/API_reloj.c:140:13:PresentaHoraLCD	16	static
../Drivers/API/src/API_reloj.c:163:6:RelojInit	16	static
../Drivers/API/src/API_reloj.c:185:6:Reloj_Read	16	static
../Drivers/API/src/API_reloj.c:199:6:Reloj_Write	16	static
../Drivers/API/src/API_reloj.c:213:6:RelojFSM_Update	16	static
../Drivers/API/src/API_reloj.c:265:13:PresentarTempe	24	static
../Drivers/API/src/API_reloj.c:297:13:PresentarHoraYFecha	24	static
../Drivers/API/src/API_reloj.c:328:13:ConfiguraDiaEsp	24	static
../Drivers/API/src/API_reloj.c:361:13:ConfiguraMesEng	24	static
../Drivers/API/src/API_reloj.c:392:13:ConfiguraDiaEng	24	static
../Drivers/API/src/API_reloj.c:429:13:ConfiguraMesEsp	24	static
../Drivers/API/src/API_reloj.c:487:13:ConfiguraAnio	24	static
../Drivers/API/src/API_reloj.c:524:13:ConfiguraHora	24	static
../Drivers/API/src/API_reloj.c:550:13:ConfiguraMin	24	static
../Drivers/API/src/API_reloj.c:575:13:ConfiguraSeg	24	static
../Drivers/API/src/API_reloj.c:605:13:Configuro_idioma_ini	8	static
../Drivers/API/src/API_reloj.c:627:13:Configuro_idioma	24	static
../Drivers/API/src/API_reloj.c:668:13:Decrementa	24	static
../Drivers/API/src/API_reloj.c:690:13:Incrementa	24	static
../Drivers/API/src/API_reloj.c:713:16:buscar_indice	24	static
../Drivers/API/src/API_reloj.c:732:13:calcula_dia_semana	32	static
../Drivers/API/src/API_reloj.c:756:16:BCD_a_Dec	16	static
