00:11:01 **** Incremental Build of configuration Debug for project Calendario ****
make -j16 all 
arm-none-eabi-gcc "../Drivers/API/src/API_reloj.c" -mcpu=cortex-m4 -std=gnu11 -g3 -DDEBUG -DSTM32 -DSTM32F429ZITx -DSTM32F4 -DNUCLEO_F429ZI -DUSE_HAL_DRIVER -DSTM32F429xx -c -I../Inc -I"C:/Users/ipave/Documents/GitHub/Protocolos_workspace/Calendario/Drivers/STM32F4xx_HAL_Driver/Inc" -I"C:/Users/ipave/Documents/GitHub/Protocolos_workspace/Calendario/Drivers/CMSIS/Include" -I"C:/Users/ipave/Documents/GitHub/Protocolos_workspace/Calendario/Drivers/CMSIS/Device/ST/STM32F4xx/Include" -I"C:/Users/ipave/Documents/GitHub/Protocolos_workspace/Calendario/Drivers/BSP/STM32F4xx_Nucleo_144" -I"C:/Users/ipave/Documents/GitHub/Protocolos_workspace/Calendario/Drivers/Core/Inc" -I"C:/Users/ipave/Documents/GitHub/Protocolos_workspace/Calendario/Drivers/API/inc" -O0 -ffunction-sections -fdata-sections -Wall -fstack-usage -fcyclomatic-complexity -MMD -MP -MF"Drivers/API/src/API_reloj.d" -MT"Drivers/API/src/API_reloj.o" --specs=nano.specs -mfpu=fpv4-sp-d16 -mfloat-abi=hard -mthumb -o "Drivers/API/src/API_reloj.o"
arm-none-eabi-gcc -o "Calendario.elf" @"objects.list"   -mcpu=cortex-m4 -T"C:\Users\ipave\Documents\GitHub\Protocolos_workspace\Calendario\STM32F429ZITX_FLASH.ld" --specs=nosys.specs -Wl,-Map="Calendario.map" -Wl,--gc-sections -static --specs=nano.specs -mfpu=fpv4-sp-d16 -mfloat-abi=hard -mthumb -Wl,--start-group -lc -lm -Wl,--end-group
Finished building target: Calendario.elf
 
arm-none-eabi-size   Calendario.elf 
arm-none-eabi-objdump -h -S  Calendario.elf  > "Calendario.list"
   text	   data	    bss	    dec	    hex	filename
  16928	     32	   1712	  18672	   48f0	Calendario.elf
Finished building: default.size.stdout
 
Finished building: Calendario.list
 

00:11:02 Build Finished. 0 errors, 0 warnings. (took 857ms)

